// Jest Snapshot v1, https://goo.gl/fbAQLP

exports[`Valdiation Domain Invalid should validate a Invalid 1`] = `
"/domain/enabled: must be boolean
/domain/name: must be a valid domain name
/domain/certificateArn: must be a string or a CloudFormation intrinsic function
/domain/route53: must be a boolean or a route53 configuration object"
`;

exports[`Valdiation Domain Invalid should validate a Invalid Route 53 1`] = `
"/domain/name: must be a valid domain name
/domain/route53/hostedZoneId: must be a string or a CloudFormation intrinsic function
/domain/route53/hostedZoneName: must be a valid zone name. Note: you must include a trailing dot (eg: \`example.com.\`)"
`;

exports[`Valdiation Domain Invalid should validate a useCloudFormation: not present, certificateArn required 1`] = `"/domain: must have property 'certificateArn' when using cloudFormation"`;

exports[`Valdiation Domain Invalid should validate a useCloudFormation: true, certificateArn required 1`] = `"/domain: must have property 'certificateArn' when using cloudFormation"`;

exports[`Valdiation Log Invalid should validate a Invalid 1`] = `
"/logging/level: must be one of 'ALL', 'ERROR' or 'NONE'
/logging/retentionInDays: must be integer
/logging/excludeVerboseContent: must be boolean"
`;

exports[`Valdiation Waf Invalid should validate a Invalid 1`] = `
"/waf/enabled: must be boolean
/waf/name: must be string
/waf/defaultAction: must be 'Allow' or 'Block'
/waf/rules/0: must be a valid WAF rule
/waf/rules/1: must be a valid WAF rule
/waf/rules/2: must be a valid WAF rule"
`;

exports[`Valdiation should validate  1`] = `
": must have required property 'name'
: must have required property 'authentication'
/unknownPorp: invalid (unknown) property"
`;
